Downloading https://services.gradle.org/distributions/gradle-8.14.3-all.zip
.....................10%.....................20%......................30%.....................40%......................50%.....................60%.....................70%......................80%.....................90%......................100%

Welcome to Gradle 8.14.3!

Here are the highlights of this release:
 - Java 24 support
 - GraalVM Native Image toolchain selection
 - Enhancements to test reporting
 - Build Authoring improvements

For more details see https://docs.gradle.org/8.14.3/release-notes.html

To honour the JVM settings for this build a single-use Daemon process will be forked. For more on this, please refer to https://docs.gradle.org/8.14.3/userguide/gradle_daemon.html#sec:disabling_the_daemon in the Gradle documentation.
Daemon will be stopped at the end of the build 

> Configure project :app
WARNING: Using flatDir should be avoided because it doesn't support any meta-data formats.

> Configure project :capacitor-cordova-android-plugins
WARNING: Using flatDir should be avoided because it doesn't support any meta-data formats.

> Task :app:preBuild UP-TO-DATE
> Task :app:preDebugBuild UP-TO-DATE
> Task :app:mergeDebugNativeDebugMetadata NO-SOURCE
> Task :capacitor-android:preBuild UP-TO-DATE
> Task :capacitor-android:preDebugBuild UP-TO-DATE
> Task :capacitor-cordova-android-plugins:preBuild UP-TO-DATE
> Task :capacitor-cordova-android-plugins:preDebugBuild UP-TO-DATE
> Task :capacitor-android:writeDebugAarMetadata
> Task :capacitor-cordova-android-plugins:writeDebugAarMetadata
> Task :app:javaPreCompileDebug
> Task :capacitor-android:processDebugNavigationResources
> Task :capacitor-cordova-android-plugins:processDebugNavigationResources
> Task :app:checkDebugAarMetadata
> Task :app:processDebugNavigationResources
> Task :app:generateDebugResValues
> Task :capacitor-android:generateDebugResValues
> Task :app:compileDebugNavigationResources
> Task :capacitor-android:generateDebugResources
> Task :capacitor-android:packageDebugResources
> Task :capacitor-cordova-android-plugins:generateDebugResValues
> Task :capacitor-cordova-android-plugins:generateDebugResources
> Task :capacitor-cordova-android-plugins:packageDebugResources
> Task :app:mapDebugSourceSetPaths
> Task :app:generateDebugResources
> Task :app:packageDebugResources
> Task :app:mergeDebugResources
> Task :app:createDebugCompatibleScreenManifests
> Task :app:extractDeepLinksDebug
> Task :capacitor-android:extractDeepLinksDebug
> Task :capacitor-cordova-android-plugins:extractDeepLinksDebug
> Task :app:parseDebugLocalResources
> Task :capacitor-android:compileDebugLibraryResources
> Task :capacitor-android:parseDebugLocalResources
> Task :capacitor-cordova-android-plugins:compileDebugLibraryResources
> Task :capacitor-cordova-android-plugins:processDebugManifest
> Task :capacitor-android:processDebugManifest
> Task :capacitor-cordova-android-plugins:parseDebugLocalResources
> Task :capacitor-android:generateDebugRFile
> Task :app:processDebugMainManifest
> Task :app:processDebugManifest
> Task :capacitor-cordova-android-plugins:generateDebugRFile
> Task :capacitor-android:javaPreCompileDebug
> Task :capacitor-cordova-android-plugins:javaPreCompileDebug

> Task :capacitor-android:compileDebugJavaWithJavac
Note: Some input files use unchecked or unsafe operations.
Note: Recompile with -Xlint:unchecked for details.

> Task :capacitor-cordova-android-plugins:compileDebugJavaWithJavac NO-SOURCE
> Task :capacitor-cordova-android-plugins:bundleLibCompileToJarDebug
> Task :capacitor-android:bundleLibCompileToJarDebug
> Task :app:mergeDebugShaders
> Task :app:processDebugManifestForPackage
> Task :app:compileDebugShaders NO-SOURCE
> Task :app:generateDebugAssets UP-TO-DATE
> Task :capacitor-android:mergeDebugShaders
> Task :capacitor-android:compileDebugShaders NO-SOURCE
> Task :capacitor-android:generateDebugAssets UP-TO-DATE
> Task :capacitor-android:mergeDebugAssets
> Task :capacitor-cordova-android-plugins:mergeDebugShaders
> Task :capacitor-cordova-android-plugins:compileDebugShaders NO-SOURCE
> Task :capacitor-cordova-android-plugins:generateDebugAssets UP-TO-DATE
> Task :capacitor-cordova-android-plugins:mergeDebugAssets
> Task :app:mergeDebugAssets
> Task :capacitor-android:bundleLibRuntimeToJarDebug
> Task :capacitor-cordova-android-plugins:bundleLibRuntimeToJarDebug
> Task :app:compressDebugAssets
> Task :app:desugarDebugFileDependencies
> Task :app:processDebugJavaRes NO-SOURCE
> Task :capacitor-android:processDebugJavaRes NO-SOURCE
> Task :capacitor-cordova-android-plugins:processDebugJavaRes NO-SOURCE
> Task :app:processDebugResources
> Task :app:mergeDebugJavaResource

> Task :app:compileDebugJavaWithJavac
Note: /home/runner/work/scoreturner/scoreturner/android/app/src/main/java/com/scoreturner/app/ShareReceiverPlugin.java uses or overrides a deprecated API.
Note: Recompile with -Xlint:deprecation for details.

> Task :app:dexBuilderDebug
> Task :capacitor-cordova-android-plugins:bundleLibRuntimeToDirDebug
> Task :app:checkDebugDuplicateClasses
> Task :capacitor-android:bundleLibRuntimeToDirDebug
> Task :app:mergeDebugGlobalSynthetics
> Task :app:mergeDebugJniLibFolders
> Task :capacitor-android:mergeDebugJniLibFolders
> Task :capacitor-android:mergeDebugNativeLibs NO-SOURCE
> Task :app:mergeProjectDexDebug
> Task :capacitor-android:copyDebugJniLibsProjectOnly
> Task :capacitor-cordova-android-plugins:mergeDebugJniLibFolders
> Task :capacitor-cordova-android-plugins:mergeDebugNativeLibs NO-SOURCE
> Task :capacitor-cordova-android-plugins:copyDebugJniLibsProjectOnly
> Task :app:mergeExtDexDebug
> Task :app:validateSigningDebug
> Task :app:mergeDebugNativeLibs NO-SOURCE
> Task :app:stripDebugDebugSymbols NO-SOURCE
> Task :app:writeDebugAppMetadata
> Task :app:writeDebugSigningConfigVersions
> Task :app:mergeLibDexDebug
> Task :capacitor-android:checkDebugAarMetadata
> Task :capacitor-android:stripDebugDebugSymbols NO-SOURCE
> Task :capacitor-android:copyDebugJniLibsProjectAndLocalJars
> Task :capacitor-android:extractDebugAnnotations
> Task :capacitor-android:extractDeepLinksForAarDebug
> Task :capacitor-android:mergeDebugGeneratedProguardFiles
> Task :capacitor-android:mergeDebugConsumerProguardFiles
> Task :capacitor-android:prepareDebugArtProfile
> Task :capacitor-android:prepareLintJarForPublish
> Task :capacitor-android:mergeDebugJavaResource
> Task :capacitor-cordova-android-plugins:checkDebugAarMetadata
> Task :capacitor-android:syncDebugLibJars
> Task :capacitor-android:bundleDebugAar
> Task :capacitor-android:assembleDebug
> Task :capacitor-cordova-android-plugins:stripDebugDebugSymbols NO-SOURCE
> Task :capacitor-cordova-android-plugins:copyDebugJniLibsProjectAndLocalJars
> Task :capacitor-cordova-android-plugins:extractDebugAnnotations
> Task :capacitor-cordova-android-plugins:extractDeepLinksForAarDebug
> Task :capacitor-cordova-android-plugins:mergeDebugGeneratedProguardFiles
> Task :capacitor-cordova-android-plugins:mergeDebugConsumerProguardFiles
> Task :capacitor-cordova-android-plugins:prepareDebugArtProfile
> Task :capacitor-cordova-android-plugins:prepareLintJarForPublish
> Task :app:packageDebug
> Task :app:createDebugApkListingFileRedirect
> Task :app:assembleDebug
> Task :capacitor-cordova-android-plugins:mergeDebugJavaResource
> Task :capacitor-cordova-android-plugins:syncDebugLibJars
> Task :capacitor-cordova-android-plugins:bundleDebugAar
> Task :capacitor-cordova-android-plugins:assembleDebug

[Incubating] Problems report is available at: file:///home/runner/work/scoreturner/scoreturner/android/build/reports/problems/problems-report.html

BUILD SUCCESSFUL in 1m 26s
93 actionable tasks: 93 executed
